../MyApp/rc522.c:4:13:CS_Low	8	static
../MyApp/rc522.c:5:13:CS_High	8	static
../MyApp/rc522.c:6:13:RST_High	8	static
../MyApp/rc522.c:9:13:PCD_WriteRegister	24	static
../MyApp/rc522.c:18:16:PCD_ReadRegister	24	static
../MyApp/rc522.c:30:13:PCD_SetRegisterBitMask	24	static
../MyApp/rc522.c:37:13:PCD_ClearRegisterBitMask	24	static
../MyApp/rc522.c:44:16:PCD_CalculateCRC	48	static
../MyApp/rc522.c:67:16:PCD_TransceiveData	56	static
../MyApp/rc522.c:126:16:PICC_RequestA	40	static
../MyApp/rc522.c:139:16:PICC_Select	80	static
../MyApp/rc522.c:261:6:RC522_Init	8	static
../MyApp/rc522.c:285:9:RC522_IsNewCardPresent	16	static
../MyApp/rc522.c:296:9:RC522_ReadCardSerial	16	static
../MyApp/rc522.c:302:6:RC522_HaltA	32	static
../MyApp/rc522.c:312:6:RC522_UidToString	24	static
